// Jest Snapshot v1, https://goo.gl/fbAQLP

exports[`Functional test of analysis detailed sarif tests analyze remote git and formatter sarif with supported files 1`] = `
Array [
  Object {
    "files": 115,
    "isSupported": false,
    "lang": "Unknown",
  },
  Object {
    "files": 34,
    "isSupported": false,
    "lang": "Markdown",
  },
  Object {
    "files": 6,
    "isSupported": false,
    "lang": "YAML",
  },
  Object {
    "files": 3,
    "isSupported": false,
    "lang": "Shell",
  },
  Object {
    "files": 39,
    "isSupported": false,
    "lang": "Text",
  },
  Object {
    "files": 34,
    "isSupported": false,
    "lang": "XML",
  },
  Object {
    "files": 4,
    "isSupported": false,
    "lang": "INI",
  },
  Object {
    "files": 122,
    "isSupported": true,
    "lang": "JavaScript",
  },
  Object {
    "files": 81,
    "isSupported": false,
    "lang": "JSON",
  },
  Object {
    "files": 13,
    "isSupported": false,
    "lang": "CSS",
  },
  Object {
    "files": 21,
    "isSupported": false,
    "lang": "Java Properties",
  },
  Object {
    "files": 6,
    "isSupported": false,
    "lang": "SVG",
  },
  Object {
    "files": 78,
    "isSupported": true,
    "lang": "HTML",
  },
  Object {
    "files": 45,
    "isSupported": false,
    "lang": "Less",
  },
  Object {
    "files": 989,
    "isSupported": true,
    "lang": "Java",
  },
  Object {
    "files": 4,
    "isSupported": false,
    "lang": "SQLPL",
  },
  Object {
    "files": 8,
    "isSupported": false,
    "lang": "CSV",
  },
  Object {
    "files": 1,
    "isSupported": false,
    "lang": "Batchfile",
  },
]
`;
